[live.hasthemes.com/html/7/helendo-preview/helendo/index.html]
[backblue.gif]
[fade.gif]
[index.html]
[live.hasthemes.com/html/7/helendo-preview/helendo/assets/images/favicon.ico]
[live.hasthemes.com/html/7/helendo-preview/helendo/assets/css/vendor/vendor.min.css]
[live.hasthemes.com/html/7/helendo-preview/helendo/assets/css/plugins/plugins.min.css]
[live.hasthemes.com/html/7/helendo-preview/helendo/assets/css/style.css]
[live.hasthemes.com/html/7/helendo-preview/helendo/assets/images/logo/logo.svg]
[live.hasthemes.com/html/7/helendo-preview/helendo/wishlist.html]
[live.hasthemes.com/html/7/helendo-preview/helendo/assets/images/hero/home-default-1.jpg]
[live.hasthemes.com/html/7/helendo-preview/helendo/shop-4-column.html]
[live.hasthemes.com/html/7/helendo-preview/helendo/assets/images/hero/home-default-2.jpg]
[live.hasthemes.com/html/7/helendo-preview/helendo/assets/images/hero/home-default-3.jpg]
[live.hasthemes.com/html/7/helendo-preview/helendo/shop-left-sidebar.html]
[live.hasthemes.com/html/7/helendo-preview/helendo/assets/images/featured-product/df-1.png]
[live.hasthemes.com/html/7/helendo-preview/helendo/assets/images/text-bg/bg-df-1-300x49.png]
[live.hasthemes.com/html/7/helendo-preview/helendo/assets/images/featured-product/df-2.png]
[live.hasthemes.com/html/7/helendo-preview/helendo/assets/images/text-bg/h1-1-300x122.png]
[live.hasthemes.com/html/7/helendo-preview/helendo/assets/images/featured-product/df-3.png]
[live.hasthemes.com/html/7/helendo-preview/helendo/assets/images/text-bg/h1-2.png]
[live.hasthemes.com/html/7/helendo-preview/helendo/product-details.html]
[live.hasthemes.com/html/7/helendo-preview/helendo/assets/images/product/1_1-300x300.jpg]
[live.hasthemes.com/html/7/helendo-preview/helendo/assets/images/product/1_2-300x300.jpg]
[live.hasthemes.com/html/7/helendo-preview/helendo/assets/images/product/1_3-300x300.jpg]
[live.hasthemes.com/html/7/helendo-preview/helendo/assets/images/product/1_4-300x300.jpg]
[live.hasthemes.com/html/7/helendo-preview/helendo/assets/images/product/1_5-300x300.jpg]
[live.hasthemes.com/html/7/helendo-preview/helendo/assets/images/product/1_6-300x300.jpg]
[live.hasthemes.com/html/7/helendo-preview/helendo/assets/images/product/1_7-300x300.jpg]
[live.hasthemes.com/html/7/helendo-preview/helendo/assets/images/product/1_8-300x300.jpg]
[live.hasthemes.com/html/7/helendo-preview/helendo/assets/images/bg/h1-countdown.jpg]
[live.hasthemes.com/html/7/helendo-preview/helendo/assets/images/blog/8-570x370.jpg]
[live.hasthemes.com/html/7/helendo-preview/helendo/single-blog-post.html]
[live.hasthemes.com/html/7/helendo-preview/helendo/assets/images/blog/9-570x370.jpg]
[live.hasthemes.com/html/7/helendo-preview/helendo/assets/images/blog/10-570x370.jpg]
[live.hasthemes.com/html/7/helendo-preview/helendo/about-us.html]
[live.hasthemes.com/html/7/helendo-preview/helendo/contact-us.html]
[live.hasthemes.com/html/7/helendo-preview/helendo/assets/images/product/2-570x570.jpg]
[live.hasthemes.com/html/7/helendo-preview/helendo/assets/images/product/3-600x600.jpg]
[live.hasthemes.com/html/7/helendo-preview/helendo/assets/images/product/4-768x768.jpg]
[live.hasthemes.com/html/7/helendo-preview/helendo/index-7.html]
[live.hasthemes.com/html/7/helendo-preview/helendo/index-8.html]
[live.hasthemes.com/html/7/helendo-preview/helendo/index-11.html]
[live.hasthemes.com/html/7/helendo-preview/helendo/index-10.html]
[live.hasthemes.com/html/7/helendo-preview/helendo/index-5.html]
[live.hasthemes.com/html/7/helendo-preview/helendo/index-4.html]
[live.hasthemes.com/html/7/helendo-preview/helendo/index-3.html]
[live.hasthemes.com/html/7/helendo-preview/helendo/index-2.html]
[live.hasthemes.com/html/7/helendo-preview/helendo/index-6.html]
[live.hasthemes.com/html/7/helendo-preview/helendo/index-12.html]
[live.hasthemes.com/html/7/helendo-preview/helendo/shop-3-column.html]
[live.hasthemes.com/html/7/helendo-preview/helendo/shop-5-column.html]
[live.hasthemes.com/html/7/helendo-preview/helendo/shop-6-column.html]
[live.hasthemes.com/html/7/helendo-preview/helendo/shop-categories.html]
[live.hasthemes.com/html/7/helendo-preview/helendo/shop-carousel.html]
[live.hasthemes.com/html/7/helendo-preview/helendo/shop-with-boder.html]
[live.hasthemes.com/html/7/helendo-preview/helendo/shop-right-sidebar.html]
[live.hasthemes.com/html/7/helendo-preview/helendo/shop-without-gutter.html]
[live.hasthemes.com/html/7/helendo-preview/helendo/product-simple.html]
[live.hasthemes.com/html/7/helendo-preview/helendo/product-variable.html]
[live.hasthemes.com/html/7/helendo-preview/helendo/product-groupped.html]
[live.hasthemes.com/html/7/helendo-preview/helendo/product-on-sale.html]
[live.hasthemes.com/html/7/helendo-preview/helendo/product-out-of-stock.html]
[live.hasthemes.com/html/7/helendo-preview/helendo/product-affiliate.html]
[live.hasthemes.com/html/7/helendo-preview/helendo/product-image-swatches.html]
[live.hasthemes.com/html/7/helendo-preview/helendo/product-countdown-timer.html]
[live.hasthemes.com/html/7/helendo-preview/helendo/cart.html]
[live.hasthemes.com/html/7/helendo-preview/helendo/checkout.html]
[live.hasthemes.com/html/7/helendo-preview/helendo/my-account.html]
[live.hasthemes.com/html/7/helendo-preview/helendo/order-tracking.html]
[live.hasthemes.com/html/7/helendo-preview/helendo/coming-soon.html]
[live.hasthemes.com/html/7/helendo-preview/helendo/404-page.html]
[live.hasthemes.com/html/7/helendo-preview/helendo/blog-grid.html]
[live.hasthemes.com/html/7/helendo-preview/helendo/blog-listing.html]
[live.hasthemes.com/html/7/helendo-preview/helendo/blog-masonry.html]
[live.hasthemes.com/html/7/helendo-preview/helendo/blog-left-sidebar.html]
[live.hasthemes.com/html/7/helendo-preview/helendo/single-blog-post-2.html]
[live.hasthemes.com/html/7/helendo-preview/helendo/assets/images/product/small/cart-01.jpg]
[live.hasthemes.com/html/7/helendo-preview/helendo/shop-fullwidth.html]
[live.hasthemes.com/html/7/helendo-preview/helendo/assets/images/product/small/cart-02.jpg]
[live.hasthemes.com/html/7/helendo-preview/helendo/assets/images/product/small/cart-03.jpg]
[live.hasthemes.com/html/7/helendo-preview/helendo/assets/js/vendor/modernizr-2.8.3.min.js]
[live.hasthemes.com/html/7/helendo-preview/helendo/assets/js/vendor/jquery-3.3.1.min.js]
[live.hasthemes.com/html/7/helendo-preview/helendo/assets/js/vendor/bootstrap.min.js]
[live.hasthemes.com/html/7/helendo-preview/helendo/assets/js/plugins/plugins.js]
[live.hasthemes.com/html/7/helendo-preview/helendo/assets/js/main.js]
[live.hasthemes.com/html/7/helendo-preview/helendo/index.html]
[live.hasthemes.com/html/7/helendo-preview/helendo/assets/fonts/fontawesome-webfont3e6e.eot]
[live.hasthemes.com/html/7/helendo-preview/helendo/assets/fonts/fontawesome-webfontd41d.eot]
[live.hasthemes.com/html/7/helendo-preview/helendo/assets/fonts/fontawesome-webfont3e6e.woff2]
[live.hasthemes.com/html/7/helendo-preview/helendo/assets/fonts/fontawesome-webfont3e6e.ttf]
[live.hasthemes.com/html/7/helendo-preview/helendo/assets/fonts/fontawesome-webfont3e6e.svg]
[live.hasthemes.com/html/7/helendo-preview/helendo/assets/fonts/Linearicons90d2.eot]
[live.hasthemes.com/html/7/helendo-preview/helendo/assets/fonts/Linearicons90d2.ttf]
[live.hasthemes.com/html/7/helendo-preview/helendo/assets/fonts/Linearicons90d2.woff]
[live.hasthemes.com/html/7/helendo-preview/helendo/assets/fonts/Linearicons90d2.svg]
[live.hasthemes.com/html/7/helendo-preview/helendo/assets/fonts/ElegantIcons.eot]
[live.hasthemes.com/html/7/helendo-preview/helendo/assets/fonts/ElegantIconsd41d.eot]
[live.hasthemes.com/html/7/helendo-preview/helendo/assets/fonts/ElegantIcons.woff]
[live.hasthemes.com/html/7/helendo-preview/helendo/assets/fonts/ElegantIcons.ttf]
[live.hasthemes.com/html/7/helendo-preview/helendo/assets/fonts/ElegantIcons.svg]
[live.hasthemes.com/html/7/helendo-preview/helendo/assets/css/vendor/vendor.min.css]
[live.hasthemes.com/html/7/helendo-preview/helendo/assets/css/plugins/plugins.min.css]
[live.hasthemes.com/html/7/helendo-preview/helendo/assets/images/icons/selector-icon.png]
[live.hasthemes.com/html/7/helendo-preview/helendo/assets/images/bg/bg-menu.jpg]
[live.hasthemes.com/html/7/helendo-preview/helendo/assets/images/banners/video-about.jpg]
[live.hasthemes.com/html/7/helendo-preview/helendo/assets/images/banners/video-banner.jpg]
[live.hasthemes.com/html/7/helendo-preview/helendo/assets/css/style.css]
[live.hasthemes.com/html/7/helendo-preview/helendo/assets/images/logo/logo.svg]
[live.hasthemes.com/html/7/helendo-preview/helendo/wishlist.html]
[live.hasthemes.com/html/7/helendo-preview/helendo/assets/images/svg/column-03.svg]
[live.hasthemes.com/html/7/helendo-preview/helendo/assets/images/svg/column-04.svg]
[live.hasthemes.com/html/7/helendo-preview/helendo/shop-4-column.html]
[live.hasthemes.com/html/7/helendo-preview/helendo/shop-left-sidebar.html]
[live.hasthemes.com/html/7/helendo-preview/helendo/assets/images/svg/column-05.svg]
[live.hasthemes.com/html/7/helendo-preview/helendo/assets/images/product/single-product-01.jpg]
[live.hasthemes.com/html/7/helendo-preview/helendo/assets/images/product/single-product-02.jpg]
[live.hasthemes.com/html/7/helendo-preview/helendo/assets/images/product/single-product-03.jpg]
[live.hasthemes.com/html/7/helendo-preview/helendo/assets/images/product/single-product-04.jpg]
[live.hasthemes.com/html/7/helendo-preview/helendo/assets/images/product/small/1-100x100.jpg]
[live.hasthemes.com/html/7/helendo-preview/helendo/assets/images/product/small/2-100x100.jpg]
[live.hasthemes.com/html/7/helendo-preview/helendo/assets/images/product/small/3-100x100.jpg]
[live.hasthemes.com/html/7/helendo-preview/helendo/assets/images/product/small/4-100x100.jpg]
[live.hasthemes.com/html/7/helendo-preview/helendo/product-details.html]
[live.hasthemes.com/html/7/helendo-preview/helendo/assets/images/blog/8-870x500.jpg]
[live.hasthemes.com/html/7/helendo-preview/helendo/assets/images/blog/small-420x241.jpg]
[live.hasthemes.com/html/7/helendo-preview/helendo/assets/images/blog/small-02-420x241.jpg]
[live.hasthemes.com/html/7/helendo-preview/helendo/assets/images/blog/author.png]
[live.hasthemes.com/html/7/helendo-preview/helendo/assets/images/blog/blog-widget.jpg]
[live.hasthemes.com/html/7/helendo-preview/helendo/single-blog-post.html]
[live.hasthemes.com/html/7/helendo-preview/helendo/assets/images/banners/im-md-1-780x770.jpg]
[live.hasthemes.com/html/7/helendo-preview/helendo/assets/images/banners/im-md-2-380x380.jpg]
[live.hasthemes.com/html/7/helendo-preview/helendo/assets/images/banners/im-md-3.jpg]
[live.hasthemes.com/html/7/helendo-preview/helendo/assets/images/banners/im-md-4-380x380.jpg]
[live.hasthemes.com/html/7/helendo-preview/helendo/assets/images/banners/im-md-5-780x380.jpg]
[live.hasthemes.com/html/7/helendo-preview/helendo/about-us.html]
[live.hasthemes.com/html/7/helendo-preview/helendo/contact-us.html]
[live.hasthemes.com/html/7/helendo-preview/helendo/assets/images/hero/home-box-1.png]
[live.hasthemes.com/html/7/helendo-preview/helendo/assets/images/hero/home-box-2.png]
[live.hasthemes.com/html/7/helendo-preview/helendo/assets/images/bg/video-banner2.jpg]
[live.hasthemes.com/html/7/helendo-preview/helendo/assets/images/product/1_9-300x300.jpg]
[live.hasthemes.com/html/7/helendo-preview/helendo/assets/images/product/10-300x300.jpg]
[live.hasthemes.com/html/7/helendo-preview/helendo/assets/images/product/11-300x300.jpg]
[live.hasthemes.com/html/7/helendo-preview/helendo/assets/images/brand/partner1.jpg]
[live.hasthemes.com/html/7/helendo-preview/helendo/assets/images/brand/partner2.jpg]
[live.hasthemes.com/html/7/helendo-preview/helendo/assets/images/brand/partner3.jpg]
[live.hasthemes.com/html/7/helendo-preview/helendo/assets/images/brand/partner4.jpg]
[live.hasthemes.com/html/7/helendo-preview/helendo/assets/images/brand/partner5.jpg]
[live.hasthemes.com/html/7/helendo-preview/helendo/index-7.html]
[live.hasthemes.com/html/7/helendo-preview/helendo/assets/images/hero/sli-h1.jpg]
[live.hasthemes.com/html/7/helendo-preview/helendo/assets/images/hero/sl-d2.jpg]
[live.hasthemes.com/html/7/helendo-preview/helendo/assets/images/hero/sl-h3.jpg]
[live.hasthemes.com/html/7/helendo-preview/helendo/assets/images/banners/heledo-pd-2-400x500.jpg]
[live.hasthemes.com/html/7/helendo-preview/helendo/assets/images/banners/heledo-pd-4-330x412.jpg]
[live.hasthemes.com/html/7/helendo-preview/helendo/assets/images/banners/heledo-pd-1-700x525.jpg]
[live.hasthemes.com/html/7/helendo-preview/helendo/assets/images/banners/heledo-pd-3-570x525.jpg]
[live.hasthemes.com/html/7/helendo-preview/helendo/assets/images/banners/heledo-pd-6-570x365.jpg]
[live.hasthemes.com/html/7/helendo-preview/helendo/assets/images/banners/heledo-pd-5-330x412.jpg]
[live.hasthemes.com/html/7/helendo-preview/helendo/index-8.html]
[live.hasthemes.com/html/7/helendo-preview/helendo/assets/images/banners/h-g-1.jpg]
[live.hasthemes.com/html/7/helendo-preview/helendo/assets/images/banners/h-g-2.jpg]
[live.hasthemes.com/html/7/helendo-preview/helendo/assets/images/banners/h-g-3.jpg]
[live.hasthemes.com/html/7/helendo-preview/helendo/assets/images/banners/h-g-4.jpg]
[live.hasthemes.com/html/7/helendo-preview/helendo/assets/images/banners/h-g-5.jpg]
[live.hasthemes.com/html/7/helendo-preview/helendo/index-11.html]
[live.hasthemes.com/html/7/helendo-preview/helendo/assets/images/hero/home-collection-1.png]
[live.hasthemes.com/html/7/helendo-preview/helendo/assets/images/hero/home-collection-2.png]
[live.hasthemes.com/html/7/helendo-preview/helendo/assets/images/hero/home-collection-3.png]
[live.hasthemes.com/html/7/helendo-preview/helendo/assets/images/banners/pr5-600x429.png]
[live.hasthemes.com/html/7/helendo-preview/helendo/assets/images/banners/pr6-570x570.png]
[live.hasthemes.com/html/7/helendo-preview/helendo/assets/images/banners/pr7.png]
[live.hasthemes.com/html/7/helendo-preview/helendo/assets/images/banners/pr8.png]
[live.hasthemes.com/html/7/helendo-preview/helendo/assets/images/banners/pr10-600x600.jpg]
[live.hasthemes.com/html/7/helendo-preview/helendo/assets/images/banners/pr9-405x405.png]
[live.hasthemes.com/html/7/helendo-preview/helendo/index-10.html]
[live.hasthemes.com/html/7/helendo-preview/helendo/assets/images/hero/home-full-width-2.png]
[live.hasthemes.com/html/7/helendo-preview/helendo/assets/images/hero/home-full-width-4.png]
[live.hasthemes.com/html/7/helendo-preview/helendo/assets/images/hero/home-full-width-1.png]
[live.hasthemes.com/html/7/helendo-preview/helendo/assets/images/banners/bn-hf-1-570x340.png]
[live.hasthemes.com/html/7/helendo-preview/helendo/assets/images/banners/bn-hf-2-570x340.jpg]
[live.hasthemes.com/html/7/helendo-preview/helendo/assets/images/bg/banner_large.jpg]
[live.hasthemes.com/html/7/helendo-preview/helendo/index-5.html]
[live.hasthemes.com/html/7/helendo-preview/helendo/assets/images/hero/home-left-sidebar-1.png]
[live.hasthemes.com/html/7/helendo-preview/helendo/assets/images/hero/home-left-sidebar-2.png]
[live.hasthemes.com/html/7/helendo-preview/helendo/assets/images/banners/hl-sb-1.jpg]
[live.hasthemes.com/html/7/helendo-preview/helendo/assets/images/banners/hl-sb-2.jpg]
[live.hasthemes.com/html/7/helendo-preview/helendo/index-4.html]
[live.hasthemes.com/html/7/helendo-preview/helendo/assets/images/banners/bn1-2-1420x945.png]
[live.hasthemes.com/html/7/helendo-preview/helendo/assets/images/banners/bn2-1.png]
[live.hasthemes.com/html/7/helendo-preview/helendo/assets/images/banners/bn3-1.png]
[live.hasthemes.com/html/7/helendo-preview/helendo/assets/images/banners/m4.jpg]
[live.hasthemes.com/html/7/helendo-preview/helendo/assets/images/banners/m5.jpg]
[live.hasthemes.com/html/7/helendo-preview/helendo/assets/images/banners/m6.jpg]
[live.hasthemes.com/html/7/helendo-preview/helendo/assets/images/banners/m7.jpg]
[live.hasthemes.com/html/7/helendo-preview/helendo/assets/images/banners/m8.jpg]
[live.hasthemes.com/html/7/helendo-preview/helendo/index-3.html]
[live.hasthemes.com/html/7/helendo-preview/helendo/assets/images/hero/home-minimal-1.jpg]
[live.hasthemes.com/html/7/helendo-preview/helendo/assets/images/hero/home-minimal-2.jpg]
[live.hasthemes.com/html/7/helendo-preview/helendo/assets/images/featured-product/pr1.png]
[live.hasthemes.com/html/7/helendo-preview/helendo/assets/images/featured-product/pr2-600x479.png]
[live.hasthemes.com/html/7/helendo-preview/helendo/assets/images/featured-product/pr3-600x375.png]
[live.hasthemes.com/html/7/helendo-preview/helendo/assets/images/featured-product/pr4.png]
[live.hasthemes.com/html/7/helendo-preview/helendo/index-2.html]
[live.hasthemes.com/html/7/helendo-preview/helendo/assets/images/hero/home-para-1.jpg]
[live.hasthemes.com/html/7/helendo-preview/helendo/assets/images/hero/home-para-2.jpg]
[live.hasthemes.com/html/7/helendo-preview/helendo/assets/images/hero/home-para-3.jpg]
[live.hasthemes.com/html/7/helendo-preview/helendo/index-6.html]
[live.hasthemes.com/html/7/helendo-preview/helendo/assets/images/bg/11.jpg]
[live.hasthemes.com/html/7/helendo-preview/helendo/index-12.html]
[live.hasthemes.com/html/7/helendo-preview/helendo/shop-3-column.html]
[live.hasthemes.com/html/7/helendo-preview/helendo/assets/images/svg/column-06.svg]
[live.hasthemes.com/html/7/helendo-preview/helendo/assets/images/product/12-300x300.jpg]
[live.hasthemes.com/html/7/helendo-preview/helendo/assets/images/product/13-300x300.jpg]
[live.hasthemes.com/html/7/helendo-preview/helendo/assets/images/product/14-300x300.jpg]
[live.hasthemes.com/html/7/helendo-preview/helendo/assets/images/product/15-300x300.jpg]
[live.hasthemes.com/html/7/helendo-preview/helendo/assets/images/product/16-300x300.jpg]
[live.hasthemes.com/html/7/helendo-preview/helendo/assets/images/product/17-300x300.jpg]
[live.hasthemes.com/html/7/helendo-preview/helendo/shop-5-column.html]
[live.hasthemes.com/html/7/helendo-preview/helendo/shop-6-column.html]
[live.hasthemes.com/html/7/helendo-preview/helendo/shop-categories.html]
[live.hasthemes.com/html/7/helendo-preview/helendo/shop-carousel.html]
[live.hasthemes.com/html/7/helendo-preview/helendo/shop-with-boder.html]
[live.hasthemes.com/html/7/helendo-preview/helendo/shop-right-sidebar.html]
[live.hasthemes.com/html/7/helendo-preview/helendo/shop-without-gutter.html]
[live.hasthemes.com/html/7/helendo-preview/helendo/product-simple.html]
[live.hasthemes.com/html/7/helendo-preview/helendo/product-variable.html]
[live.hasthemes.com/html/7/helendo-preview/helendo/product-groupped.html]
[live.hasthemes.com/html/7/helendo-preview/helendo/product-on-sale.html]
[live.hasthemes.com/html/7/helendo-preview/helendo/product-out-of-stock.html]
[live.hasthemes.com/html/7/helendo-preview/helendo/product-affiliate.html]
[live.hasthemes.com/html/7/helendo-preview/helendo/product-image-swatches.html]
[live.hasthemes.com/html/7/helendo-preview/helendo/product-countdown-timer.html]
[live.hasthemes.com/html/7/helendo-preview/helendo/cart.html]
[live.hasthemes.com/html/7/helendo-preview/helendo/checkout.html]
[live.hasthemes.com/html/7/helendo-preview/helendo/my-account.html]
[live.hasthemes.com/html/7/helendo-preview/helendo/order-tracking.html]
[live.hasthemes.com/html/7/helendo-preview/helendo/coming-soon.html]
[live.hasthemes.com/html/7/helendo-preview/helendo/404-page.html]
[live.hasthemes.com/html/7/helendo-preview/helendo/assets/images/blog/1-570x370.jpg]
[live.hasthemes.com/html/7/helendo-preview/helendo/assets/images/blog/2-570x370.jpg]
[live.hasthemes.com/html/7/helendo-preview/helendo/assets/images/blog/3-570x370.jpg]
[live.hasthemes.com/html/7/helendo-preview/helendo/assets/images/blog/6-570x370.jpg]
[live.hasthemes.com/html/7/helendo-preview/helendo/assets/images/blog/7-570x370.jpg]
[live.hasthemes.com/html/7/helendo-preview/helendo/blog-grid.html]
[live.hasthemes.com/html/7/helendo-preview/helendo/assets/images/blog/1-1170x370.jpg]
[live.hasthemes.com/html/7/helendo-preview/helendo/assets/images/blog/2-1170x370.jpg]
[live.hasthemes.com/html/7/helendo-preview/helendo/assets/images/blog/3-1170x370.jpg]
[live.hasthemes.com/html/7/helendo-preview/helendo/assets/images/blog/4-1170x370.jpg]
[live.hasthemes.com/html/7/helendo-preview/helendo/assets/images/blog/5-1170x370.jpg]
[live.hasthemes.com/html/7/helendo-preview/helendo/assets/images/blog/6-1170x370.jpg]
[live.hasthemes.com/html/7/helendo-preview/helendo/blog-listing.html]
[live.hasthemes.com/html/7/helendo-preview/helendo/assets/images/blog/2-570x770.jpg]
[live.hasthemes.com/html/7/helendo-preview/helendo/assets/images/blog/3-570x585.jpg]
[live.hasthemes.com/html/7/helendo-preview/helendo/assets/images/blog/4-570x585.jpg]
[live.hasthemes.com/html/7/helendo-preview/helendo/assets/images/blog/6-570x658.jpg]
[live.hasthemes.com/html/7/helendo-preview/helendo/assets/images/blog/5-570x400.jpg]
[live.hasthemes.com/html/7/helendo-preview/helendo/assets/images/blog/6-570x732.jpg]
[live.hasthemes.com/html/7/helendo-preview/helendo/assets/images/blog/7-570x672.jpg]
[live.hasthemes.com/html/7/helendo-preview/helendo/assets/images/blog/8-570x400.jpg]
[live.hasthemes.com/html/7/helendo-preview/helendo/blog-masonry.html]
[live.hasthemes.com/html/7/helendo-preview/helendo/assets/images/blog/9-1170x672.jpg]
[live.hasthemes.com/html/7/helendo-preview/helendo/assets/images/blog/3-1024x589.jpg]
[live.hasthemes.com/html/7/helendo-preview/helendo/assets/images/blog/4-1170x672.jpg]
[live.hasthemes.com/html/7/helendo-preview/helendo/assets/images/blog/5-870x500.jpg]
[live.hasthemes.com/html/7/helendo-preview/helendo/assets/images/blog/6-870x500.jpg]
[live.hasthemes.com/html/7/helendo-preview/helendo/blog-left-sidebar.html]
[live.hasthemes.com/html/7/helendo-preview/helendo/assets/images/blog/8-1170x672.jpg]
[live.hasthemes.com/html/7/helendo-preview/helendo/assets/images/blog/01-lg-570x327.jpg]
[live.hasthemes.com/html/7/helendo-preview/helendo/assets/images/blog/02-lg-570x327.jpg]
[live.hasthemes.com/html/7/helendo-preview/helendo/single-blog-post-2.html]
[live.hasthemes.com/html/7/helendo-preview/helendo/shop-fullwidth.html]
[live.hasthemes.com/html/7/helendo-preview/helendo/assets/css/fonts/fontawesome-webfont3e6e.woff]
[live.hasthemes.com/html/7/helendo-preview/helendo/assets/fonts/fontawesome-webfont3e6e.svg]
[live.hasthemes.com/html/7/helendo-preview/helendo/assets/fonts/Linearicons90d2.svg]
[live.hasthemes.com/html/7/helendo-preview/helendo/assets/fonts/ElegantIcons.svg]
[live.hasthemes.com/html/7/helendo-preview/helendo/assets/images/svg/column-03.svg]
[live.hasthemes.com/html/7/helendo-preview/helendo/assets/images/svg/column-04.svg]
[live.hasthemes.com/html/7/helendo-preview/helendo/assets/images/svg/column-05.svg]
[live.hasthemes.com/html/7/helendo-preview/helendo/assets/images/svg/column-06.svg]
